../Drivers/STM32F1xx_HAL_Driver/Inc/stm32f1xx_ll_usart.h:1861:26:LL_USART_IsActiveFlag_TXE	16	static
../Drivers/STM32F1xx_HAL_Driver/Inc/stm32f1xx_ll_usart.h:2082:22:LL_USART_EnableIT_RXNE	16	static
../Drivers/STM32F1xx_HAL_Driver/Inc/stm32f1xx_ll_usart.h:2274:26:LL_USART_IsEnabledIT_RXNE	16	static
../Drivers/STM32F1xx_HAL_Driver/Inc/stm32f1xx_ll_usart.h:2450:25:LL_USART_ReceiveData8	16	static
../Drivers/STM32F1xx_HAL_Driver/Inc/stm32f1xx_ll_usart.h:2473:22:LL_USART_TransmitData8	16	static
../BSP/USART/bsp_usart.c:8:6:USART1_UART_Init	8	static
../BSP/USART/bsp_usart.c:13:6:USART1_IRQHandler	16	static
../BSP/USART/bsp_usart.c:25:6:USART1_DataByte	16	static
../BSP/USART/bsp_usart.c:34:6:USART1_DataString	24	static
